
Running 1 test using 1 worker

[1A[2K[1/1] [chromium] ΓÇ║ tests\airth_forgot_password_flow.spec.js:3:1 ΓÇ║ Airth Forgot Password Flow
[1A[2K[chromium] ΓÇ║ tests\airth_forgot_password_flow.spec.js:3:1 ΓÇ║ Airth Forgot Password Flow
Starting test...

[1A[2KNavigating to signin page...

[1A[2KClicking Forgot Password...

[1A[2KFilling email...

[1A[2KClicking Send button...

[1A[2KClicking Go Back...

[1A[2K  1) [chromium] ΓÇ║ tests\airth_forgot_password_flow.spec.js:3:1 ΓÇ║ Airth Forgot Password Flow ΓöÇΓöÇΓöÇΓöÇΓöÇΓöÇΓöÇΓöÇ

    [31mTest timeout of 30000ms exceeded.[39m

    Error: page.waitForTimeout: Test timeout of 30000ms exceeded.

      37 |     console.log('Clicking Go Back...');
      38 |     await page.getByRole('button', { name: 'Go Back to Sign In' }).click();
    > 39 |     await page.waitForTimeout(5000);
         |                ^
      40 |
      41 |     // 7. Verify we are back on the signin page
      42 |     await expect(page).toHaveURL(/.*signin/);
        at C:\Users\Webkorps\Documents\GitHub\Playwright Automation\tests\airth_forgot_password_flow.spec.js:39:16

    Error Context: test-results\airth_forgot_password_flow-Airth-Forgot-Password-Flow-chromium\error-context.md


[1A[2K  1 failed
    [chromium] ΓÇ║ tests\airth_forgot_password_flow.spec.js:3:1 ΓÇ║ Airth Forgot Password Flow ΓöÇΓöÇΓöÇΓöÇΓöÇΓöÇΓöÇΓöÇΓöÇ

[36m  Serving HTML report at http://localhost:9323. Press Ctrl+C to quit.[39m
